\x1b[1;33m __  __ ____ ____    ____   ___    _    ____  ____
\x1b[1;33m|  \/  / ___/ ___|  | __ ) / _ \  / \  |  _ \|  _ \
\x1b[1;33m| |\/| \___ \___ \  |  _ \| | | |/ _ \ | |_) | | | |
\x1b[1;33m| |  | |___) |__) | | |_) | |_| / ___ \|  _ <| |_| |
\x1b[1;33m|_|  |_|____/____/  |____/ \___/_/   \_\_| \_\____/
\x1b[0m
\x1b[1;34m   "post clean, quote right, don't flood"
\x1b[1;36m   echomail style threading simulation enabled
\x1b[0m
\x1b[1;32m   Press Q to jump back to main menu.
\x1b[0m
